// C# → C#
// Alle C#-Verweise auf Choice_RetryLogic: die drei Forward-Aufrufstellen (Init/Trigger/Exit
// delegieren über _wfs.Choice_RetryLogic(…)) plus das nameof(Choice_RetryLogic) im Unwrap().
// Der Golden hält jede Referenz mit Datei + exaktem Span — verschobene, fehlende oder
// zusätzliche Treffer fallen auf (nicht nur die Anzahl).

<ChoiceFlowWFSBase.generated.cs> (70,73)-(70,90)  "Choice_RetryLogic"
    public Result Choice_Retry(string reason) => new(() => _wfs.Choice_RetryLogic(reason, new(_wfs)).Unwrap());
<ChoiceFlowWFSBase.generated.cs> (101,73)-(101,90)  "Choice_RetryLogic"
    public Result Choice_Retry(string reason) => new(() => _wfs.Choice_RetryLogic(reason, new(_wfs)).Unwrap());
<ChoiceFlowWFSBase.generated.cs> (160,73)-(160,90)  "Choice_RetryLogic"
    public Result Choice_Retry(string reason) => new(() => _wfs.Choice_RetryLogic(reason, new(_wfs)).Unwrap());
<ChoiceFlowWFSBase.generated.cs> (210,80)-(210,97)  "Choice_RetryLogic"
    internal IINIT_TASK Unwrap() => UnwrapOrThrow(_command, nameof(Choice_RetryLogic));
